2026-04-12 08:28:16|INFO    |root                            |Scheduler will use this timezone: Europe/Lisbon|
2026-04-12 08:28:17|INFO    |root                            |Interactive jobs queue started and waiting for tasks|
2026-04-12 08:28:17|INFO    |root                            |BAZARR trying to connect to Sonarr SignalR feed...|
2026-04-12 08:28:17|INFO    |root                            |BAZARR trying to connect to Radarr SignalR feed...|
2026-04-12 08:28:17|INFO    |waitress                        |BAZARR is started and waiting for requests on: http://***.***.***.***:6767|
2026-04-12 08:28:17|INFO    |waitress                        |BAZARR is started and waiting for requests on: http://[::]:6767|
2026-04-12 08:28:17|INFO    |root                            |BAZARR SignalR client for Radarr is connected and waiting for events.|
2026-04-12 08:28:17|INFO    |root                            |BAZARR SignalR client for Sonarr is connected and waiting for events.|
2026-04-12 09:46:22|INFO    |root                            |Scheduler will use this timezone: Europe/Lisbon|
2026-04-12 09:46:24|INFO    |root                            |Interactive jobs queue started and waiting for tasks|
2026-04-12 09:46:24|INFO    |root                            |BAZARR trying to connect to Sonarr SignalR feed...|
2026-04-12 09:46:24|INFO    |root                            |BAZARR trying to connect to Radarr SignalR feed...|
2026-04-12 09:46:24|INFO    |waitress                        |BAZARR is started and waiting for requests on: http://***.***.***.***:6767|
2026-04-12 09:46:24|INFO    |waitress                        |BAZARR is started and waiting for requests on: http://[::]:6767|
2026-04-12 09:46:24|INFO    |root                            |BAZARR SignalR client for Sonarr is connected and waiting for events.|
2026-04-12 09:46:24|INFO    |root                            |BAZARR SignalR client for Radarr is connected and waiting for events.|
2026-04-12 09:48:53|INFO    |root                            |Scheduler will use this timezone: Europe/Lisbon|
2026-04-12 09:48:54|INFO    |root                            |Interactive jobs queue started and waiting for tasks|
2026-04-12 09:48:54|INFO    |root                            |BAZARR trying to connect to Sonarr SignalR feed...|
2026-04-12 09:48:54|INFO    |root                            |BAZARR trying to connect to Radarr SignalR feed...|
2026-04-12 09:48:54|INFO    |waitress                        |BAZARR is started and waiting for requests on: http://***.***.***.***:6767|
2026-04-12 09:48:54|INFO    |waitress                        |BAZARR is started and waiting for requests on: http://[::]:6767|
2026-04-12 09:48:54|INFO    |root                            |BAZARR SignalR client for Radarr is connected and waiting for events.|
2026-04-12 09:48:54|INFO    |root                            |BAZARR SignalR client for Sonarr is connected and waiting for events.|
2026-04-12 10:45:44|INFO    |root                            |Scheduler will use this timezone: Europe/Lisbon|
2026-04-12 10:45:45|INFO    |root                            |Interactive jobs queue started and waiting for tasks|
2026-04-12 10:45:45|INFO    |root                            |BAZARR trying to connect to Sonarr SignalR feed...|
2026-04-12 10:45:45|INFO    |root                            |BAZARR trying to connect to Radarr SignalR feed...|
2026-04-12 10:45:45|INFO    |waitress                        |BAZARR is started and waiting for requests on: http://***.***.***.***:6767|
2026-04-12 10:45:45|INFO    |waitress                        |BAZARR is started and waiting for requests on: http://[::]:6767|
2026-04-12 10:45:46|INFO    |root                            |BAZARR SignalR client for Sonarr is connected and waiting for events.|
2026-04-12 10:45:46|INFO    |root                            |BAZARR SignalR client for Radarr is connected and waiting for events.|
2026-04-12 10:57:19|INFO    |root                            |Scheduler will use this timezone: Europe/Lisbon|
2026-04-12 10:57:20|INFO    |root                            |Interactive jobs queue started and waiting for tasks|
2026-04-12 10:57:20|INFO    |root                            |BAZARR trying to connect to Sonarr SignalR feed...|
2026-04-12 10:57:20|INFO    |root                            |BAZARR trying to connect to Radarr SignalR feed...|
2026-04-12 10:57:20|INFO    |waitress                        |BAZARR is started and waiting for requests on: http://***.***.***.***:6767|
2026-04-12 10:57:20|INFO    |waitress                        |BAZARR is started and waiting for requests on: http://[::]:6767|
2026-04-12 10:57:21|INFO    |root                            |BAZARR SignalR client for Radarr is connected and waiting for events.|
2026-04-12 10:57:21|INFO    |root                            |BAZARR SignalR client for Sonarr is connected and waiting for events.|
2026-04-12 11:06:13|INFO    |root                            |Scheduler will use this timezone: Europe/Lisbon|
2026-04-12 11:06:14|INFO    |root                            |Interactive jobs queue started and waiting for tasks|
2026-04-12 11:06:14|INFO    |root                            |BAZARR trying to connect to Sonarr SignalR feed...|
2026-04-12 11:06:14|INFO    |root                            |BAZARR trying to connect to Radarr SignalR feed...|
2026-04-12 11:06:14|INFO    |waitress                        |BAZARR is started and waiting for requests on: http://***.***.***.***:6767|
2026-04-12 11:06:14|INFO    |waitress                        |BAZARR is started and waiting for requests on: http://[::]:6767|
2026-04-12 11:06:14|INFO    |root                            |BAZARR SignalR client for Radarr is connected and waiting for events.|
2026-04-12 11:06:14|INFO    |root                            |BAZARR SignalR client for Sonarr is connected and waiting for events.|
2026-04-12 12:41:54|WARNING |apscheduler.executors.default   |Run time of job "Sync with Radarr (trigger: interval[1:00:00], next run at: 2026-04-12 13:06:14 WEST)" was missed by 0:35:39.149704|
2026-04-12 12:41:54|WARNING |apscheduler.executors.default   |Run time of job "Sync with Sonarr (trigger: interval[1:00:00], next run at: 2026-04-12 13:06:14 WEST)" was missed by 0:35:39.115234|
2026-04-12 14:09:27|WARNING |apscheduler.executors.default   |Run time of job "Sync with Radarr (trigger: interval[1:00:00], next run at: 2026-04-12 15:06:14 WEST)" was missed by 0:03:13.027706|
2026-04-12 14:09:27|WARNING |apscheduler.executors.default   |Run time of job "Sync with Sonarr (trigger: interval[1:00:00], next run at: 2026-04-12 15:06:14 WEST)" was missed by 0:03:12.990866|
2026-04-12 14:09:27|WARNING |apscheduler.executors.default   |Run time of job "Update Release Info (trigger: interval[3:00:00], next run at: 2026-04-12 16:42:23 WEST)" was missed by 0:27:04.209914|
2026-04-12 14:51:29|ERROR   |root                            |BAZARR SignalR client for Radarr connection as been lost. Trying to reconnect...|
2026-04-12 14:51:29|ERROR   |root                            |BAZARR SignalR client for Sonarr connection as been lost. Trying to reconnect...|
2026-04-12 14:51:52|INFO    |root                            |Scheduler will use this timezone: Europe/Lisbon|
2026-04-12 14:51:53|INFO    |root                            |Interactive jobs queue started and waiting for tasks|
2026-04-12 14:51:53|INFO    |root                            |BAZARR trying to connect to Sonarr SignalR feed...|
2026-04-12 14:51:53|INFO    |root                            |BAZARR trying to connect to Radarr SignalR feed...|
2026-04-12 14:51:53|INFO    |waitress                        |BAZARR is started and waiting for requests on: http://***.***.***.***:6767|
2026-04-12 14:51:53|INFO    |waitress                        |BAZARR is started and waiting for requests on: http://[::]:6767|
2026-04-12 14:51:53|INFO    |root                            |BAZARR SignalR client for Radarr is connected and waiting for events.|
2026-04-12 14:51:53|INFO    |root                            |BAZARR SignalR client for Sonarr is connected and waiting for events.|
